Processing esp32s (platform: espressif32 @ ^6.4.0; board: esp32dev; framework: arduino)
--------------------------------------------------------------------------------
Verbose mode can be enabled via `-v, --verbose` option
CONFIGURATION: https://docs.platformio.org/page/boards/espressif32/esp32dev.html
PLATFORM: Espressif 32 (6.13.0) > Espressif ESP32 Dev Module
HARDWARE: ESP32 240MHz, 320KB RAM, 4MB Flash
DEBUG: Current (cmsis-dap) External (cmsis-dap, esp-bridge, esp-prog, iot-bus-jtag, jlink, minimodule, olimex-arm-usb-ocd, olimex-arm-usb-ocd-h, olimex-arm-usb-tiny-h, olimex-jtag-tiny, tumpa)
PACKAGES: 
 - framework-arduinoespressif32 @ 3.20017.241212+sha.dcc1105b 
 - tool-esptoolpy @ 2.41100.0 (4.11.0) 
 - toolchain-xtensa-esp32 @ 8.4.0+2021r2-patch5
LDF: Library Dependency Finder -> https://bit.ly/configure-pio-ldf
LDF Modes: Finder ~ chain, Compatibility ~ soft
Found 37 compatible libraries
Scanning dependencies...
Dependency Graph
|-- Adafruit SSD1306 @ 2.5.17
|-- Adafruit GFX Library @ 1.12.6
|-- Adafruit BusIO @ 1.17.4
|-- Adafruit MAX31865 library @ 1.6.2
|-- WiFiClientSecure @ 2.0.0
|-- DNSServer @ 2.0.0
|-- WebServer @ 2.0.0
|-- WiFi @ 2.0.0
|-- Preferences @ 2.0.0
|-- ESPmDNS @ 2.0.0
|-- Wire @ 2.0.0
Building in release mode
Retrieving maximum program size .pio\build\esp32s\firmware.elf
Checking size .pio\build\esp32s\firmware.elf
Advanced Memory Usage is available via "PlatformIO Home > Project Inspect"
RAM:   [==        ]  15.2% (used 49904 bytes from 327680 bytes)
Flash: [========  ]  79.6% (used 1043245 bytes from 1310720 bytes)
========================= [SUCCESS] Took 16.02 seconds =========================
