Processing esp32s (platform: espressif32 @ ^6.4.0; board: esp32dev; framework: arduino)
--------------------------------------------------------------------------------
Verbose mode can be enabled via `-v, --verbose` option
CONFIGURATION: https://docs.platformio.org/page/boards/espressif32/esp32dev.html
PLATFORM: Espressif 32 (6.13.0) > Espressif ESP32 Dev Module
HARDWARE: ESP32 240MHz, 320KB RAM, 4MB Flash
DEBUG: Current (cmsis-dap) External (cmsis-dap, esp-bridge, esp-prog, iot-bus-jtag, jlink, minimodule, olimex-arm-usb-ocd, olimex-arm-usb-ocd-h, olimex-arm-usb-tiny-h, olimex-jtag-tiny, tumpa)
PACKAGES: 
 - framework-arduinoespressif32 @ 3.20017.241212+sha.dcc1105b 
 - tool-esptoolpy @ 2.41100.0 (4.11.0) 
 - toolchain-xtensa-esp32 @ 8.4.0+2021r2-patch5
LDF: Library Dependency Finder -> https://bit.ly/configure-pio-ldf
LDF Modes: Finder ~ chain, Compatibility ~ soft
Found 37 compatible libraries
Scanning dependencies...
Dependency Graph
|-- Adafruit SSD1306 @ 2.5.17
|-- Adafruit GFX Library @ 1.12.6
|-- Adafruit BusIO @ 1.17.4
|-- Adafruit MAX31865 library @ 1.6.2
|-- WiFiClientSecure @ 2.0.0
|-- DNSServer @ 2.0.0
|-- WebServer @ 2.0.0
|-- WiFi @ 2.0.0
|-- Preferences @ 2.0.0
|-- ESPmDNS @ 2.0.0
|-- Wire @ 2.0.0
Building in release mode
Compiling .pio\build\esp32s\src\CloudManager.cpp.o
Compiling .pio\build\esp32s\src\Settings.cpp.o
Compiling .pio\build\esp32s\src\main.cpp.o
Compiling .pio\build\esp32s\src\web_server.cpp.o
Building .pio\build\esp32s\bootloader.bin
Generating partitions .pio\build\esp32s\partitions.bin
esptool.py v4.11.0
Creating esp32 image...
Merged 1 ELF section
Successfully created esp32 image.
Compiling .pio\build\esp32s\libf83\Wire\Wire.cpp.o
Compiling .pio\build\esp32s\lib5a8\SPI\SPI.cpp.o
Compiling .pio\build\esp32s\libba4\Adafruit BusIO\Adafruit_BusIO_Register.cpp.o
Compiling .pio\build\esp32s\libba4\Adafruit BusIO\Adafruit_GenericDevice.cpp.o
Archiving .pio\build\esp32s\libf83\libWire.a
Archiving .pio\build\esp32s\lib5a8\libSPI.a
Compiling .pio\build\esp32s\libba4\Adafruit BusIO\Adafruit_I2CDevice.cpp.o
Compiling .pio\build\esp32s\libba4\Adafruit BusIO\Adafruit_SPIDevice.cpp.o
Compiling .pio\build\esp32s\lib16e\Adafruit GFX Library\Adafruit_GFX.cpp.o
Compiling .pio\build\esp32s\lib16e\Adafruit GFX Library\Adafruit_GrayOLED.cpp.o
Compiling .pio\build\esp32s\lib16e\Adafruit GFX Library\Adafruit_SPITFT.cpp.o
Archiving .pio\build\esp32s\libba4\libAdafruit BusIO.a
Compiling .pio\build\esp32s\lib16e\Adafruit GFX Library\glcdfont.c.o
Compiling .pio\build\esp32s\lib6d1\Adafruit SSD1306\Adafruit_SSD1306.cpp.o
Compiling .pio\build\esp32s\libe27\Adafruit MAX31865 library\Adafruit_MAX31865.cpp.o
Compiling .pio\build\esp32s\libef0\WiFi\WiFi.cpp.o
Archiving .pio\build\esp32s\lib16e\libAdafruit GFX Library.a
Compiling .pio\build\esp32s\libef0\WiFi\WiFiAP.cpp.o
Archiving .pio\build\esp32s\lib6d1\libAdafruit SSD1306.a
Compiling .pio\build\esp32s\libef0\WiFi\WiFiClient.cpp.o
Archiving .pio\build\esp32s\libe27\libAdafruit MAX31865 library.a
Compiling .pio\build\esp32s\libef0\WiFi\WiFiGeneric.cpp.o
Compiling .pio\build\esp32s\libef0\WiFi\WiFiMulti.cpp.o
Compiling .pio\build\esp32s\libef0\WiFi\WiFiSTA.cpp.o
Compiling .pio\build\esp32s\libef0\WiFi\WiFiScan.cpp.o
Compiling .pio\build\esp32s\libef0\WiFi\WiFiServer.cpp.o
Compiling .pio\build\esp32s\libef0\WiFi\WiFiUdp.cpp.o
Compiling .pio\build\esp32s\lib383\WiFiClientSecure\WiFiClientSecure.cpp.o
Compiling .pio\build\esp32s\lib383\WiFiClientSecure\esp_crt_bundle.c.o
Compiling .pio\build\esp32s\lib383\WiFiClientSecure\ssl_client.cpp.o
Archiving .pio\build\esp32s\libef0\libWiFi.a
Compiling .pio\build\esp32s\lib0c5\DNSServer\DNSServer.cpp.o
Compiling .pio\build\esp32s\lib226\FS\FS.cpp.o
Compiling .pio\build\esp32s\lib226\FS\vfs_api.cpp.o
Archiving .pio\build\esp32s\lib0c5\libDNSServer.a
Archiving .pio\build\esp32s\lib383\libWiFiClientSecure.a
Compiling .pio\build\esp32s\lib395\WebServer\Parsing.cpp.o
Compiling .pio\build\esp32s\lib395\WebServer\WebServer.cpp.o
Compiling .pio\build\esp32s\lib395\WebServer\detail\mimetable.cpp.o
Compiling .pio\build\esp32s\lib156\Preferences\Preferences.cpp.o
Archiving .pio\build\esp32s\lib226\libFS.a
Compiling .pio\build\esp32s\lib0ca\ESPmDNS\ESPmDNS.cpp.o
Compiling .pio\build\esp32s\FrameworkArduino\Esp.cpp.o
Archiving .pio\build\esp32s\lib395\libWebServer.a
Archiving .pio\build\esp32s\lib156\libPreferences.a
Compiling .pio\build\esp32s\FrameworkArduino\FirmwareMSC.cpp.o
Compiling .pio\build\esp32s\FrameworkArduino\FunctionalInterrupt.cpp.o
Compiling .pio\build\esp32s\FrameworkArduino\HWCDC.cpp.o
Compiling .pio\build\esp32s\FrameworkArduino\HardwareSerial.cpp.o
Archiving .pio\build\esp32s\lib0ca\libESPmDNS.a
Compiling .pio\build\esp32s\FrameworkArduino\IPAddress.cpp.o
Compiling .pio\build\esp32s\FrameworkArduino\IPv6Address.cpp.o
Compiling .pio\build\esp32s\FrameworkArduino\MD5Builder.cpp.o
Compiling .pio\build\esp32s\FrameworkArduino\Print.cpp.o
Compiling .pio\build\esp32s\FrameworkArduino\Stream.cpp.o
Compiling .pio\build\esp32s\FrameworkArduino\StreamString.cpp.o
Compiling .pio\build\esp32s\FrameworkArduino\Tone.cpp.o
Compiling .pio\build\esp32s\FrameworkArduino\USB.cpp.o
Compiling .pio\build\esp32s\FrameworkArduino\USBCDC.cpp.o
Compiling .pio\build\esp32s\FrameworkArduino\USBMSC.cpp.o
Compiling .pio\build\esp32s\FrameworkArduino\WMath.cpp.o
Compiling .pio\build\esp32s\FrameworkArduino\WString.cpp.o
Compiling .pio\build\esp32s\FrameworkArduino\base64.cpp.o
Compiling .pio\build\esp32s\FrameworkArduino\cbuf.cpp.o
Compiling .pio\build\esp32s\FrameworkArduino\esp32-hal-adc.c.o
Compiling .pio\build\esp32s\FrameworkArduino\esp32-hal-bt.c.o
Compiling .pio\build\esp32s\FrameworkArduino\esp32-hal-cpu.c.o
Compiling .pio\build\esp32s\FrameworkArduino\esp32-hal-dac.c.o
Compiling .pio\build\esp32s\FrameworkArduino\esp32-hal-gpio.c.o
Compiling .pio\build\esp32s\FrameworkArduino\esp32-hal-i2c-slave.c.o
Compiling .pio\build\esp32s\FrameworkArduino\esp32-hal-i2c.c.o
Compiling .pio\build\esp32s\FrameworkArduino\esp32-hal-ledc.c.o
Compiling .pio\build\esp32s\FrameworkArduino\esp32-hal-matrix.c.o
Compiling .pio\build\esp32s\FrameworkArduino\esp32-hal-misc.c.o
Compiling .pio\build\esp32s\FrameworkArduino\esp32-hal-psram.c.o
Compiling .pio\build\esp32s\FrameworkArduino\esp32-hal-rgb-led.c.o
Compiling .pio\build\esp32s\FrameworkArduino\esp32-hal-rmt.c.o
Compiling .pio\build\esp32s\FrameworkArduino\esp32-hal-sigmadelta.c.o
Compiling .pio\build\esp32s\FrameworkArduino\esp32-hal-spi.c.o
Compiling .pio\build\esp32s\FrameworkArduino\esp32-hal-time.c.o
Compiling .pio\build\esp32s\FrameworkArduino\esp32-hal-timer.c.o
Compiling .pio\build\esp32s\FrameworkArduino\esp32-hal-tinyusb.c.o
Compiling .pio\build\esp32s\FrameworkArduino\esp32-hal-touch.c.o
Compiling .pio\build\esp32s\FrameworkArduino\esp32-hal-uart.c.o
Compiling .pio\build\esp32s\FrameworkArduino\firmware_msc_fat.c.o
Compiling .pio\build\esp32s\FrameworkArduino\libb64\cdecode.c.o
Compiling .pio\build\esp32s\FrameworkArduino\libb64\cencode.c.o
Compiling .pio\build\esp32s\FrameworkArduino\main.cpp.o
Compiling .pio\build\esp32s\FrameworkArduino\stdlib_noniso.c.o
Compiling .pio\build\esp32s\FrameworkArduino\wiring_pulse.c.o
Compiling .pio\build\esp32s\FrameworkArduino\wiring_shift.c.o
Archiving .pio\build\esp32s\libFrameworkArduino.a
Linking .pio\build\esp32s\firmware.elf
Retrieving maximum program size .pio\build\esp32s\firmware.elf
Checking size .pio\build\esp32s\firmware.elf
Advanced Memory Usage is available via "PlatformIO Home > Project Inspect"
RAM:   [==        ]  15.2% (used 49904 bytes from 327680 bytes)
Flash: [========  ]  79.6% (used 1043245 bytes from 1310720 bytes)
Building .pio\build\esp32s\firmware.bin
esptool.py v4.11.0
Creating esp32 image...
Merged 27 ELF sections
Successfully created esp32 image.
========================= [SUCCESS] Took 92.10 seconds =========================
